// Jest Snapshot v1, https://goo.gl/fbAQLP

exports[`DropdownItemsList should render dropdown items list 1`] = `
<div>
  <div
    class="absolute overflow-auto rounded-md bg-white shadow-md dark:bg-zinc-900 "
  >
    <div
      class="px-2 py-1 text-sm hover:bg-slate-200 dark:hover:bg-slate-700 font-thin"
      data-testid="dropdown-item"
      data-value="first"
    >
      first
    </div>
  </div>
</div>
`;
